[partcollector.wixsite.com/discord.html]
[static.parastorage.com/unpkg/@formatjs/intl-segmenter@11.7.10/polyfill.iife.js]
[static.parastorage.com/unpkg/core-js-bundle@3.2.1/minified.js]
[static.parastorage.com/unpkg/focus-within-polyfill@5.0.9/dist/focus-within-polyfill.js]
[partcollector.wixsite.com/t.4.delayed]
[partcollector.wixsite.com/index.html]
[partcollector.wixsite.com/e.5.delayed]
[backblue.gif]
[fade.gif]
[index.html]
[static.wixstatic.com/media/ca9c9c_3b66e0c337564c73909aca56884b2402_mv2.jpeg/v1/fill/w_147,h_98,al_c,q_80,usm_0.66_1.00_0.01,blur_2,enc_avif,quality_auto/ca9c9c_3b66e0c337564c73909aca56884b2402_mv2.jpg]
[static.wixstatic.com/media/ca9c9c_30d2f32b20284cf4800177737a95e47e_mv2.jpeg/v1/fill/w_122,h_81,al_c,q_80,usm_0.66_1.00_0.01,blur_2,enc_avif,quality_auto/ca9c9c_30d2f32b20284cf4800177737a95e47e_mv2.jpg]
[static.wixstatic.com/media/ca9c9c_fc136f4c60ce49cd9ce476076a24e5d6_mv2.png/v1/fill/w_366,h_416,al_c,q_85,usm_0.66_1.00_0.01,enc_avif,quality_auto/discord safety.png]
[browser.sentry-cdn.com/7.120.3/bundle.tracing.es5.min.js]
[browser.sentry-cdn.com/7.120.3/modulemetadata.es5.min.js]
[partcollector.wixsite.com/envelope/index.html]
[partcollector.wixsite.com/api/index.html]
[partcollector.wixsite.com/sitemap.b.delayed]
[partcollector.wixsite.com/feed.c.delayed]
[static.parastorage.com/services/wix-thunderbolt/dist/thunderbolt-commons.83ebd468.bundle.min.js]
[static.parastorage.com/services/wix-thunderbolt/dist/main.349e879a.bundle.min.js]
[static.parastorage.com/services/wix-thunderbolt/dist/main.renderer.f600e767.bundle.min.js]
[static.parastorage.com/unpkg/lodash@4.17.21/lodash.min.js]
[static.parastorage.com/unpkg/react@18.3.1/umd/react.production.min.js]
[static.parastorage.com/unpkg/react-dom@18.3.1/umd/react-dom.production.min.js]
[static.parastorage.com/services/wix-thunderbolt/dist/browser-deprecation.bundle.es5.js]
[partcollector.wixsite.com/decodeURIComponent(e.14.delayed]
[partcollector.wixsite.com/discord.html]
[partcollector.wixsite.com/index.html]
[partcollector.wixsite.com/t.html]
[partcollector.wixsite.com/e.html]
[partcollector.wixsite.com/api/index.html]
[partcollector.wixsite.com/envelope/index.html]
[partcollector.wixsite.com/sitemap.html]
[partcollector.wixsite.com/feed.html]
[partcollector.wixsite.com/decodeURIComponent(e.html]
[static.parastorage.com/services/tag-manager-client/1.1028.0/siteTags.bundle.min.js]
